// Jest Snapshot v1, https://goo.gl/fbAQLP

exports[`Portfolio component matches snapshot 1`] = `
<DocumentFragment>
  <h1
    data-testid="h1tag"
  >
    Portfolio
  </h1>
  <div
    class="flex-row"
  >
    <div>
      <div
        class="container"
      >
        <img
          alt="developer"
          height="300px"
          src="developer1.jfif"
          width="500px"
        />
        <div
          class="middle"
        >
          <a
            href="https://github.com/mojombo"
            rel="noreferrer"
            target="_blank"
          >
            <img
              alt="github"
              height="40px"
              src="github.png"
              width="40px"
            />
          </a>
          <a
            href="https://api.github.com/users/mojombo"
            rel="noreferrer"
            target="_blank"
          >
            <p>
              Plantonic Game
            </p>
          </a>
        </div>
      </div>
    </div>
    <div>
      <div
        class="container"
      >
        <img
          alt="developer"
          height="300px"
          src="developer2.jfif"
          width="500px"
        />
        <div
          class="middle"
        >
          <a
            href="https://github.com/defunkt"
            rel="noreferrer"
            target="_blank"
          >
            <img
              alt="github"
              height="40px"
              src="github.png"
              width="40px"
            />
          </a>
          <a
            href="https://api.github.com/users/defunkt"
            rel="noreferrer"
            target="_blank"
          >
            <p>
              Game Kaboolush
            </p>
          </a>
        </div>
      </div>
    </div>
    <div>
      <div
        class="container"
      >
        <img
          alt="developer"
          height="300px"
          src="developer3.jfif"
          width="500px"
        />
        <div
          class="middle"
        >
          <a
            href="https://github.com/pjhyett"
            rel="noreferrer"
            target="_blank"
          >
            <img
              alt="github"
              height="40px"
              src="github.png"
              width="40px"
            />
          </a>
          <a
            href="https://api.github.com/users/pjhyett"
            rel="noreferrer"
            target="_blank"
          >
            <p>
              Technical LOL
            </p>
          </a>
        </div>
      </div>
    </div>
    <div>
      <div
        class="container"
      >
        <img
          alt="developer"
          height="300px"
          src="developer4.jfif"
          width="500px"
        />
        <div
          class="middle"
        >
          <a
            href="https://github.com/wycats"
            rel="noreferrer"
            target="_blank"
          >
            <img
              alt="github"
              height="40px"
              src="github.png"
              width="40px"
            />
          </a>
          <a
            href="https://api.github.com/users/wycats"
            rel="noreferrer"
            target="_blank"
          >
            <p>
              Smart Kitten
            </p>
          </a>
        </div>
      </div>
    </div>
    <div>
      <div
        class="container"
      >
        <img
          alt="developer"
          height="300px"
          src="developer5.jfif"
          width="500px"
        />
        <div
          class="middle"
        >
          <a
            href="https://github.com/ezmobius"
            rel="noreferrer"
            target="_blank"
          >
            <img
              alt="github"
              height="40px"
              src="github.png"
              width="40px"
            />
          </a>
          <a
            href="https://api.github.com/users/ezmobius"
            rel="noreferrer"
            target="_blank"
          >
            <p>
              Zombie Sculpture
            </p>
          </a>
        </div>
      </div>
    </div>
    <div>
      <div
        class="container"
      >
        <img
          alt="developer"
          height="300px"
          src="developer6.jfif"
          width="500px"
        />
        <div
          class="middle"
        >
          <a
            href="https://github.com/ivey"
            rel="noreferrer"
            target="_blank"
          >
            <img
              alt="github"
              height="40px"
              src="github.png"
              width="40px"
            />
          </a>
          <a
            href="https://api.github.com/users/ivey"
            rel="noreferrer"
            target="_blank"
          >
            <p>
              Fitness Money
            </p>
          </a>
        </div>
      </div>
    </div>
  </div>
</DocumentFragment>
`;
